This is pdfTeX, Version 3.141592653-2.6-1.40.25 (TeX Live 2023/Debian) (preloaded format=pdflatex 2026.1.7)  3 JUL 2026 16:56
entering extended mode
 restricted \write18 enabled.
 file:line:error style messages enabled.
 %&-line parsing enabled.
**"/home/samuele/Progetti/Progetto Architettura/MLTrainingWithNoisyDatasets/risultati/risultati_notebook.tex"
(/home/samuele/Progetti/Progetto Architettura/MLTrainingWithNoisyDatasets/risultati/risultati_notebook.tex
LaTeX2e <2023-11-01> patch level 1
L3 programming layer <2024-01-22>
(/usr/share/texlive/texmf-dist/tex/latex/base/article.cls
Document Class: article 2023/05/17 v1.4n Standard LaTeX document class
(/usr/share/texlive/texmf-dist/tex/latex/base/size11.clo
File: size11.clo 2023/05/17 v1.4n Standard LaTeX file (size option)
)
\c@part=\count187
\c@section=\count188
\c@subsection=\count189
\c@subsubsection=\count190
\c@paragraph=\count191
\c@subparagraph=\count192
\c@figure=\count193
\c@table=\count194
\abovecaptionskip=\skip48
\belowcaptionskip=\skip49
\bibindent=\dimen140
) (/usr/share/texlive/texmf-dist/tex/latex/base/inputenc.sty
Package: inputenc 2021/02/14 v1.3d Input encoding file
\inpenc@prehook=\toks17
\inpenc@posthook=\toks18
) (/usr/share/texlive/texmf-dist/tex/latex/base/fontenc.sty
Package: fontenc 2021/04/29 v2.0v Standard LaTeX package
) (/usr/share/texlive/texmf-dist/tex/generic/babel/babel.sty
Package: babel 2024/01/07 v24.1 The Babel package
\babel@savecnt=\count195
\U@D=\dimen141
\l@unhyphenated=\language6
 (/usr/share/texlive/texmf-dist/tex/generic/babel/txtbabel.def)
\bbl@readstream=\read2
\bbl@dirlevel=\count196
 (/usr/share/texlive/texmf-dist/tex/generic/babel-italian/italian.ldf
Language: italian 2024/01/03 v.1.5.00 Italian support for the babel system
\it@lettering=\count197
\it@doublequoteactive=\count198
\it@ISOcompliance=\count199
)) (/usr/share/texlive/texmf-dist/tex/generic/babel/locale/it/babel-italian.tex
Package babel Info: Importing font and identification data for italian
(babel)             from babel-it.ini. Reported on input line 11.
) (/usr/share/texlive/texmf-dist/tex/latex/etoolbox/etoolbox.sty
Package: etoolbox 2020/10/05 v2.5k e-TeX tools for LaTeX (JAW)
\etb@tempcnta=\count266
) (/usr/share/texlive/texmf-dist/tex/latex/geometry/geometry.sty
Package: geometry 2020/01/02 v5.9 Page Geometry
 (/usr/share/texlive/texmf-dist/tex/latex/graphics/keyval.sty
Package: keyval 2022/05/29 v1.15 key=value parser (DPC)
\KV@toks@=\toks19
) (/usr/share/texlive/texmf-dist/tex/generic/iftex/ifvtex.sty
Package: ifvtex 2019/10/25 v1.7 ifvtex legacy package. Use iftex instead.
 (/usr/share/texlive/texmf-dist/tex/generic/iftex/iftex.sty
Package: iftex 2022/02/03 v1.0f TeX engine tests
))
\Gm@cnth=\count267
\Gm@cntv=\count268
\c@Gm@tempcnt=\count269
\Gm@bindingoffset=\dimen142
\Gm@wd@mp=\dimen143
\Gm@odd@mp=\dimen144
\Gm@even@mp=\dimen145
\Gm@layoutwidth=\dimen146
\Gm@layoutheight=\dimen147
\Gm@layouthoffset=\dimen148
\Gm@layoutvoffset=\dimen149
\Gm@dimlist=\toks20
) (/usr/share/texlive/texmf-dist/tex/latex/graphics/graphicx.sty
Package: graphicx 2021/09/16 v1.2d Enhanced LaTeX Graphics (DPC,SPQR)
 (/usr/share/texlive/texmf-dist/tex/latex/graphics/graphics.sty
Package: graphics 2022/03/10 v1.4e Standard LaTeX Graphics (DPC,SPQR)
 (/usr/share/texlive/texmf-dist/tex/latex/graphics/trig.sty
Package: trig 2021/08/11 v1.11 sin cos tan (DPC)
) (/usr/share/texlive/texmf-dist/tex/latex/graphics-cfg/graphics.cfg
File: graphics.cfg 2016/06/04 v1.11 sample graphics configuration
)
Package graphics Info: Driver file: pdftex.def on input line 107.
 (/usr/share/texlive/texmf-dist/tex/latex/graphics-def/pdftex.def
File: pdftex.def 2022/09/22 v1.2b Graphics/color driver for pdftex
))
\Gin@req@height=\dimen150
\Gin@req@width=\dimen151
) (/usr/share/texlive/texmf-dist/tex/latex/booktabs/booktabs.sty
Package: booktabs 2020/01/12 v1.61803398 Publication quality tables
\heavyrulewidth=\dimen152
\lightrulewidth=\dimen153
\cmidrulewidth=\dimen154
\belowrulesep=\dimen155
\belowbottomsep=\dimen156
\aboverulesep=\dimen157
\abovetopsep=\dimen158
\cmidrulesep=\dimen159
\cmidrulekern=\dimen160
\defaultaddspace=\dimen161
\@cmidla=\count270
\@cmidlb=\count271
\@aboverulesep=\dimen162
\@belowrulesep=\dimen163
\@thisruleclass=\count272
\@lastruleclass=\count273
\@thisrulewidth=\dimen164
) (/usr/share/texlive/texmf-dist/tex/latex/tools/longtable.sty
Package: longtable 2023-11-01 v4.19 Multi-page Table package (DPC)
\LTleft=\skip50
\LTright=\skip51
\LTpre=\skip52
\LTpost=\skip53
\LTchunksize=\count274
\LTcapwidth=\dimen165
\LT@head=\box51
\LT@firsthead=\box52
\LT@foot=\box53
\LT@lastfoot=\box54
\LT@gbox=\box55
\LT@cols=\count275
\LT@rows=\count276
\c@LT@tables=\count277
\c@LT@chunks=\count278
\LT@p@ftn=\toks21
) (/usr/share/texlive/texmf-dist/tex/latex/tools/array.sty
Package: array 2023/10/16 v2.5g Tabular extension package (FMi)
\col@sep=\dimen166
\ar@mcellbox=\box56
\extrarowheight=\dimen167
\NC@list=\toks22
\extratabsurround=\skip54
\backup@length=\skip55
\ar@cellbox=\box57
) (/usr/share/texlive/texmf-dist/tex/latex/float/float.sty
Package: float 2001/11/08 v1.3d Float enhancements (AL)
\c@float@type=\count279
\float@exts=\toks23
\float@box=\box58
\@float@everytoks=\toks24
\@floatcapt=\box59
) (/usr/share/texlive/texmf-dist/tex/latex/caption/subcaption.sty
Package: subcaption 2023/07/28 v1.6b Sub-captions (AR)
 (/usr/share/texlive/texmf-dist/tex/latex/caption/caption.sty
Package: caption 2023/08/05 v3.6o Customizing captions (AR)
 (/usr/share/texlive/texmf-dist/tex/latex/caption/caption3.sty
Package: caption3 2023/07/31 v2.4d caption3 kernel (AR)
\caption@tempdima=\dimen168
\captionmargin=\dimen169
\caption@leftmargin=\dimen170
\caption@rightmargin=\dimen171
\caption@width=\dimen172
\caption@indent=\dimen173
\caption@parindent=\dimen174
\caption@hangindent=\dimen175
Package caption Info: Standard document class detected.
)
\c@caption@flags=\count280
\c@continuedfloat=\count281
Package caption Info: float package is loaded.
Package caption Info: longtable package is loaded.
 (/usr/share/texlive/texmf-dist/tex/latex/caption/ltcaption.sty
Package: ltcaption 2021/01/08 v1.4c longtable captions (AR)
))
Package caption Info: New subtype `subfigure' on input line 238.
\c@subfigure=\count282
Package caption Info: New subtype `subtable' on input line 238.
\c@subtable=\count283
) (/usr/share/texlive/texmf-dist/tex/latex/hyperref/hyperref.sty
Package: hyperref 2024-01-20 v7.01h Hypertext links for LaTeX
 (/usr/share/texlive/texmf-dist/tex/latex/kvsetkeys/kvsetkeys.sty
Package: kvsetkeys 2022-10-05 v1.19 Key value parser (HO)
) (/usr/share/texlive/texmf-dist/tex/generic/kvdefinekeys/kvdefinekeys.sty
Package: kvdefinekeys 2019-12-19 v1.6 Define keys (HO)
) (/usr/share/texlive/texmf-dist/tex/generic/pdfescape/pdfescape.sty
Package: pdfescape 2019/12/09 v1.15 Implements pdfTeX's escape features (HO)
 (/usr/share/texlive/texmf-dist/tex/generic/ltxcmds/ltxcmds.sty
Package: ltxcmds 2023-12-04 v1.26 LaTeX kernel commands for general use (HO)
) (/usr/share/texlive/texmf-dist/tex/generic/pdftexcmds/pdftexcmds.sty
Package: pdftexcmds 2020-06-27 v0.33 Utility functions of pdfTeX for LuaTeX (HO)
 (/usr/share/texlive/texmf-dist/tex/generic/infwarerr/infwarerr.sty
Package: infwarerr 2019/12/03 v1.5 Providing info/warning/error messages (HO)
)
Package pdftexcmds Info: \pdf@primitive is available.
Package pdftexcmds Info: \pdf@ifprimitive is available.
Package pdftexcmds Info: \pdfdraftmode found.
)) (/usr/share/texlive/texmf-dist/tex/latex/hycolor/hycolor.sty
Package: hycolor 2020-01-27 v1.10 Color options for hyperref/bookmark (HO)
) (/usr/share/texlive/texmf-dist/tex/latex/auxhook/auxhook.sty
Package: auxhook 2019-12-17 v1.6 Hooks for auxiliary files (HO)
) (/usr/share/texlive/texmf-dist/tex/latex/hyperref/nameref.sty
Package: nameref 2023-11-26 v2.56 Cross-referencing by name of section
 (/usr/share/texlive/texmf-dist/tex/latex/refcount/refcount.sty
Package: refcount 2019/12/15 v3.6 Data extraction from label references (HO)
) (/usr/share/texlive/texmf-dist/tex/generic/gettitlestring/gettitlestring.sty
Package: gettitlestring 2019/12/15 v1.6 Cleanup title references (HO)
 (/usr/share/texlive/texmf-dist/tex/latex/kvoptions/kvoptions.sty
Package: kvoptions 2022-06-15 v3.15 Key value format for package options (HO)
))
\c@section@level=\count284
)
\@linkdim=\dimen176
\Hy@linkcounter=\count285
\Hy@pagecounter=\count286
 (/usr/share/texlive/texmf-dist/tex/latex/hyperref/pd1enc.def
File: pd1enc.def 2024-01-20 v7.01h Hyperref: PDFDocEncoding definition (HO)
Now handling font encoding PD1 ...
... no UTF-8 mapping file for font encoding PD1
) (/usr/share/texlive/texmf-dist/tex/generic/intcalc/intcalc.sty
Package: intcalc 2019/12/15 v1.3 Expandable calculations with integers (HO)
)
\Hy@SavedSpaceFactor=\count287
 (/usr/share/texlive/texmf-dist/tex/latex/hyperref/puenc.def
File: puenc.def 2024-01-20 v7.01h Hyperref: PDF Unicode definition (HO)
Now handling font encoding PU ...
... no UTF-8 mapping file for font encoding PU
)
Package hyperref Info: Hyper figures OFF on input line 4179.
Package hyperref Info: Link nesting OFF on input line 4184.
Package hyperref Info: Hyper index ON on input line 4187.
Package hyperref Info: Plain pages OFF on input line 4194.
Package hyperref Info: Backreferencing OFF on input line 4199.
Package hyperref Info: Implicit mode ON; LaTeX internals redefined.
Package hyperref Info: Bookmarks ON on input line 4446.
\c@Hy@tempcnt=\count288
 (/usr/share/texlive/texmf-dist/tex/latex/url/url.sty
\Urlmuskip=\muskip16
Package: url 2013/09/16  ver 3.4  Verb mode for urls, etc.
)
LaTeX Info: Redefining \url on input line 4784.
\XeTeXLinkMargin=\dimen177
 (/usr/share/texlive/texmf-dist/tex/generic/bitset/bitset.sty
Package: bitset 2019/12/09 v1.3 Handle bit-vector datatype (HO)
 (/usr/share/texlive/texmf-dist/tex/generic/bigintcalc/bigintcalc.sty
Package: bigintcalc 2019/12/15 v1.5 Expandable calculations on big integers (HO)
))
\Fld@menulength=\count289
\Field@Width=\dimen178
\Fld@charsize=\dimen179
Package hyperref Info: Hyper figures OFF on input line 6063.
Package hyperref Info: Link nesting OFF on input line 6068.
Package hyperref Info: Hyper index ON on input line 6071.
Package hyperref Info: backreferencing OFF on input line 6078.
Package hyperref Info: Link coloring OFF on input line 6083.
Package hyperref Info: Link coloring with OCG OFF on input line 6088.
Package hyperref Info: PDF/A mode OFF on input line 6093.
 (/usr/share/texlive/texmf-dist/tex/latex/base/atbegshi-ltx.sty
Package: atbegshi-ltx 2021/01/10 v1.0c Emulation of the original atbegshi
package with kernel methods
)
\Hy@abspage=\count290
\c@Item=\count291
\c@Hfootnote=\count292
)
Package hyperref Info: Driver (autodetected): hpdftex.
 (/usr/share/texlive/texmf-dist/tex/latex/hyperref/hpdftex.def
File: hpdftex.def 2024-01-20 v7.01h Hyperref driver for pdfTeX
 (/usr/share/texlive/texmf-dist/tex/latex/base/atveryend-ltx.sty
Package: atveryend-ltx 2020/08/19 v1.0a Emulation of the original atveryend package
with kernel methods
)
\Fld@listcount=\count293
\c@bookmark@seq@number=\count294
 (/usr/share/texlive/texmf-dist/tex/latex/rerunfilecheck/rerunfilecheck.sty
Package: rerunfilecheck 2022-07-10 v1.10 Rerun checks for auxiliary files (HO)
 (/usr/share/texlive/texmf-dist/tex/generic/uniquecounter/uniquecounter.sty
Package: uniquecounter 2019/12/15 v1.4 Provide unlimited unique counter (HO)
)
Package uniquecounter Info: New unique counter `rerunfilecheck' on input line 285.
)
\Hy@SectionHShift=\skip56
) (/usr/share/texlive/texmf-dist/tex/latex/l3backend/l3backend-pdftex.def
File: l3backend-pdftex.def 2024-01-04 L3 backend support: PDF output (pdfTeX)
\l__color_backend_stack_int=\count295
\l__pdf_internal_box=\box60
) (./risultati_notebook.aux)
\openout1 = `risultati_notebook.aux'.

LaTeX Font Info:    Checking defaults for OML/cmm/m/it on input line 36.
LaTeX Font Info:    ... okay on input line 36.
LaTeX Font Info:    Checking defaults for OMS/cmsy/m/n on input line 36.
LaTeX Font Info:    ... okay on input line 36.
LaTeX Font Info:    Checking defaults for OT1/cmr/m/n on input line 36.
LaTeX Font Info:    ... okay on input line 36.
LaTeX Font Info:    Checking defaults for T1/cmr/m/n on input line 36.
LaTeX Font Info:    ... okay on input line 36.
LaTeX Font Info:    Checking defaults for TS1/cmr/m/n on input line 36.
LaTeX Font Info:    ... okay on input line 36.
LaTeX Font Info:    Checking defaults for OMX/cmex/m/n on input line 36.
LaTeX Font Info:    ... okay on input line 36.
LaTeX Font Info:    Checking defaults for U/cmr/m/n on input line 36.
LaTeX Font Info:    ... okay on input line 36.
LaTeX Font Info:    Checking defaults for PD1/pdf/m/n on input line 36.
LaTeX Font Info:    ... okay on input line 36.
LaTeX Font Info:    Checking defaults for PU/pdf/m/n on input line 36.
LaTeX Font Info:    ... okay on input line 36.
LaTeX Info: Redefining \it@ocap on input line 36.
LaTeX Info: Redefining \it@ccap on input line 36.

*geometry* driver: auto-detecting
*geometry* detected driver: pdftex
*geometry* verbose mode - [ preamble ] result:
* driver: pdftex
* paper: a4paper
* layout: <same size as paper>
* layoutoffset:(h,v)=(0.0pt,0.0pt)
* modes: 
* h-part:(L,W,R)=(56.9055pt, 483.69687pt, 56.9055pt)
* v-part:(T,H,B)=(56.9055pt, 731.23584pt, 56.9055pt)
* \paperwidth=597.50787pt
* \paperheight=845.04684pt
* \textwidth=483.69687pt
* \textheight=731.23584pt
* \oddsidemargin=-15.36449pt
* \evensidemargin=-15.36449pt
* \topmargin=-52.36449pt
* \headheight=12.0pt
* \headsep=25.0pt
* \topskip=11.0pt
* \footskip=30.0pt
* \marginparwidth=50.0pt
* \marginparsep=10.0pt
* \columnsep=10.0pt
* \skip\footins=10.0pt plus 4.0pt minus 2.0pt
* \hoffset=0.0pt
* \voffset=0.0pt
* \mag=1000
* \@twocolumnfalse
* \@twosidefalse
* \@mparswitchfalse
* \@reversemarginfalse
* (1in=72.27pt=25.4mm, 1cm=28.453pt)

(/usr/share/texlive/texmf-dist/tex/context/base/mkii/supp-pdf.mkii
[Loading MPS to PDF converter (version 2006.09.02).]
\scratchcounter=\count296
\scratchdimen=\dimen180
\scratchbox=\box61
\nofMPsegments=\count297
\nofMParguments=\count298
\everyMPshowfont=\toks25
\MPscratchCnt=\count299
\MPscratchDim=\dimen181
\MPnumerator=\count300
\makeMPintoPDFobject=\count301
\everyMPtoPDFconversion=\toks26
) (/usr/share/texlive/texmf-dist/tex/latex/epstopdf-pkg/epstopdf-base.sty
Package: epstopdf-base 2020-01-24 v2.11 Base part for package epstopdf
Package epstopdf-base Info: Redefining graphics rule for `.eps' on input line 485.
 (/usr/share/texlive/texmf-dist/tex/latex/latexconfig/epstopdf-sys.cfg
File: epstopdf-sys.cfg 2010/07/13 v1.3 Configuration of (r)epstopdf for TeX Live
))
Package caption Info: Begin \AtBeginDocument code.
Package caption Info: hyperref package is loaded.
Package caption Info: End \AtBeginDocument code.
Package hyperref Info: Link coloring OFF on input line 36.
 (./risultati_notebook.out) (./risultati_notebook.out)
\@outlinefile=\write3
\openout3 = `risultati_notebook.out'.

LaTeX Font Info:    External font `cmex10' loaded for size
(Font)              <12> on input line 42.
LaTeX Font Info:    External font `cmex10' loaded for size
(Font)              <8> on input line 42.
LaTeX Font Info:    External font `cmex10' loaded for size
(Font)              <6> on input line 42.
 (./risultati_notebook.toc
LaTeX Font Info:    External font `cmex10' loaded for size
(Font)              <10.95> on input line 4.
)
\tf@toc=\write4
\openout4 = `risultati_notebook.toc'.

 [1

{/var/lib/texmf/fonts/map/pdftex/updmap/pdftex.map}{/usr/share/texmf/fonts/enc/dvips/cm-super/cm-super-t1.enc}]
LaTeX Font Info:    External font `cmex10' loaded for size
(Font)              <5> on input line 75.
<liverDataSetColab/grafici/distribuzione_target_liver.png, id=59, 413.3844pt x 328.1058pt>
File: liverDataSetColab/grafici/distribuzione_target_liver.png Graphic file (type png)
<use liverDataSetColab/grafici/distribuzione_target_liver.png>
Package pdftex.def Info: liverDataSetColab/grafici/distribuzione_target_liver.png  used on input line 96.
(pdftex.def)             Requested size: 232.17242pt x 184.27869pt.
<liverDataSetColab/grafici/mutual_information_liver.png, id=61, 530.4618pt x 364.9635pt>
File: liverDataSetColab/grafici/mutual_information_liver.png Graphic file (type png)
<use liverDataSetColab/grafici/mutual_information_liver.png>
Package pdftex.def Info: liverDataSetColab/grafici/mutual_information_liver.png  used on input line 96.
(pdftex.def)             Requested size: 232.17242pt x 159.73796pt.
<liverDataSetColab/grafici/decision_tree_peggiori.png, id=62, 611.4042pt x 395.3169pt>
File: liverDataSetColab/grafici/decision_tree_peggiori.png Graphic file (type png)
<use liverDataSetColab/grafici/decision_tree_peggiori.png>
Package pdftex.def Info: liverDataSetColab/grafici/decision_tree_peggiori.png  used on input line 102.
(pdftex.def)             Requested size: 232.17242pt x 150.11339pt.
<liverDataSetColab/grafici/decision_tree_migliori.png, id=63, 611.4042pt x 395.3169pt>
File: liverDataSetColab/grafici/decision_tree_migliori.png Graphic file (type png)
<use liverDataSetColab/grafici/decision_tree_migliori.png>
Package pdftex.def Info: liverDataSetColab/grafici/decision_tree_migliori.png  used on input line 102.
(pdftex.def)             Requested size: 232.17242pt x 150.11339pt.
 [2 <./liverDataSetColab/grafici/distribuzione_target_liver.png> <./liverDataSetColab/grafici/mutual_information_liver.png>]
<liverDataSetColab/grafici/nn_peggiori.png, id=77, 611.4042pt x 395.3169pt>
File: liverDataSetColab/grafici/nn_peggiori.png Graphic file (type png)
<use liverDataSetColab/grafici/nn_peggiori.png>
Package pdftex.def Info: liverDataSetColab/grafici/nn_peggiori.png  used on input line 108.
(pdftex.def)             Requested size: 232.17242pt x 150.11339pt.
<liverDataSetColab/grafici/nn_migliori.png, id=78, 611.4042pt x 395.3169pt>
File: liverDataSetColab/grafici/nn_migliori.png Graphic file (type png)
<use liverDataSetColab/grafici/nn_migliori.png>
Package pdftex.def Info: liverDataSetColab/grafici/nn_migliori.png  used on input line 108.
(pdftex.def)             Requested size: 232.17242pt x 150.11339pt.
<liverDataSetColab/grafici/svm_peggiori.png, id=79, 611.4042pt x 395.3169pt>
File: liverDataSetColab/grafici/svm_peggiori.png Graphic file (type png)
<use liverDataSetColab/grafici/svm_peggiori.png>
Package pdftex.def Info: liverDataSetColab/grafici/svm_peggiori.png  used on input line 114.
(pdftex.def)             Requested size: 232.17242pt x 150.11339pt.
<liverDataSetColab/grafici/svm_migliori.png, id=80, 611.4042pt x 395.3169pt>
File: liverDataSetColab/grafici/svm_migliori.png Graphic file (type png)
<use liverDataSetColab/grafici/svm_migliori.png>
Package pdftex.def Info: liverDataSetColab/grafici/svm_migliori.png  used on input line 114.
(pdftex.def)             Requested size: 232.17242pt x 150.11339pt.
 [3 <./liverDataSetColab/grafici/decision_tree_peggiori.png> <./liverDataSetColab/grafici/decision_tree_migliori.png> <./liverDataSetColab/grafici/nn_peggiori.png> <./liverDataSetColab/grafici/nn_migliori.png> <./liverDataSetColab/grafici/svm_peggiori.png> <./liverDataSetColab/grafici/svm_migliori.png>]
<teenDataset/grafici/distribuzione_target_teen.png, id=94, 419.166pt x 328.8285pt>
File: teenDataset/grafici/distribuzione_target_teen.png Graphic file (type png)
<use teenDataset/grafici/distribuzione_target_teen.png>
Package pdftex.def Info: teenDataset/grafici/distribuzione_target_teen.png  used on input line 192.
(pdftex.def)             Requested size: 232.17242pt x 182.1357pt.
<teenDataset/grafici/mutual_information_teen.png, id=95, 614.295pt x 364.9635pt>
File: teenDataset/grafici/mutual_information_teen.png Graphic file (type png)
<use teenDataset/grafici/mutual_information_teen.png>
Package pdftex.def Info: teenDataset/grafici/mutual_information_teen.png  used on input line 192.
(pdftex.def)             Requested size: 232.17242pt x 137.93576pt.
 [4]
<teenDataset/grafici/decision_tree_peggiori.png, id=104, 944.5689pt x 395.3169pt>
File: teenDataset/grafici/decision_tree_peggiori.png Graphic file (type png)
<use teenDataset/grafici/decision_tree_peggiori.png>
Package pdftex.def Info: teenDataset/grafici/decision_tree_peggiori.png  used on input line 198.
(pdftex.def)             Requested size: 232.17242pt x 97.16412pt.
<teenDataset/grafici/decision_tree_migliori.png, id=105, 799.3062pt x 395.3169pt>
File: teenDataset/grafici/decision_tree_migliori.png Graphic file (type png)
<use teenDataset/grafici/decision_tree_migliori.png>
Package pdftex.def Info: teenDataset/grafici/decision_tree_migliori.png  used on input line 198.
(pdftex.def)             Requested size: 232.17242pt x 114.82594pt.
<teenDataset/grafici/nn_peggiori.png, id=106, 928.6695pt x 395.3169pt>
File: teenDataset/grafici/nn_peggiori.png Graphic file (type png)
<use teenDataset/grafici/nn_peggiori.png>
Package pdftex.def Info: teenDataset/grafici/nn_peggiori.png  used on input line 204.
(pdftex.def)             Requested size: 232.17242pt x 98.82898pt.
<teenDataset/grafici/nn_migliori.png, id=107, 783.4068pt x 395.3169pt>
File: teenDataset/grafici/nn_migliori.png Graphic file (type png)
<use teenDataset/grafici/nn_migliori.png>
Package pdftex.def Info: teenDataset/grafici/nn_migliori.png  used on input line 204.
(pdftex.def)             Requested size: 232.17242pt x 117.15431pt.
<teenDataset/grafici/svm_peggiori.png, id=108, 936.6192pt x 395.3169pt>
File: teenDataset/grafici/svm_peggiori.png Graphic file (type png)
<use teenDataset/grafici/svm_peggiori.png>
Package pdftex.def Info: teenDataset/grafici/svm_peggiori.png  used on input line 210.
(pdftex.def)             Requested size: 232.17242pt x 97.99052pt.
<teenDataset/grafici/svm_migliori.png, id=109, 791.3565pt x 395.3169pt>
File: teenDataset/grafici/svm_migliori.png Graphic file (type png)
<use teenDataset/grafici/svm_migliori.png>
Package pdftex.def Info: teenDataset/grafici/svm_migliori.png  used on input line 210.
(pdftex.def)             Requested size: 232.17242pt x 115.97807pt.
 [5 <./teenDataset/grafici/distribuzione_target_teen.png> <./teenDataset/grafici/mutual_information_teen.png> <./teenDataset/grafici/decision_tree_peggiori.png> <./teenDataset/grafici/decision_tree_migliori.png> <./teenDataset/grafici/nn_peggiori.png> <./teenDataset/grafici/nn_migliori.png>] [6 <./teenDataset/grafici/svm_peggiori.png> <./teenDataset/grafici/svm_migliori.png>]
LaTeX Font Info:    Trying to load font information for T1+cmtt on input line 256.
 (/usr/share/texlive/texmf-dist/tex/latex/base/t1cmtt.fd
File: t1cmtt.fd 2023/04/13 v2.5m Standard LaTeX font definitions
)
<AdultIncomeDataset/grafici/distribuzione_target_adult.png, id=130, 425.6703pt x 328.8285pt>
File: AdultIncomeDataset/grafici/distribuzione_target_adult.png Graphic file (type png)
<use AdultIncomeDataset/grafici/distribuzione_target_adult.png>
Package pdftex.def Info: AdultIncomeDataset/grafici/distribuzione_target_adult.png  used on input line 264.
(pdftex.def)             Requested size: 232.17242pt x 179.35599pt.
<AdultIncomeDataset/grafici/mutual_information_adult.png, id=131, 568.0422pt x 364.9635pt>
File: AdultIncomeDataset/grafici/mutual_information_adult.png Graphic file (type png)
<use AdultIncomeDataset/grafici/mutual_information_adult.png>
Package pdftex.def Info: AdultIncomeDataset/grafici/mutual_information_adult.png  used on input line 264.
(pdftex.def)             Requested size: 232.17242pt x 149.16821pt.
<AdultIncomeDataset/grafici/decision_tree_peggiori.png, id=132, 720.5319pt x 395.3169pt>
File: AdultIncomeDataset/grafici/decision_tree_peggiori.png Graphic file (type png)
<use AdultIncomeDataset/grafici/decision_tree_peggiori.png>
Package pdftex.def Info: AdultIncomeDataset/grafici/decision_tree_peggiori.png  used on input line 270.
(pdftex.def)             Requested size: 232.17242pt x 127.37863pt.
<AdultIncomeDataset/grafici/decision_tree_migliori.png, id=133, 814.4829pt x 395.3169pt>
File: AdultIncomeDataset/grafici/decision_tree_migliori.png Graphic file (type png)
<use AdultIncomeDataset/grafici/decision_tree_migliori.png>
Package pdftex.def Info: AdultIncomeDataset/grafici/decision_tree_migliori.png  used on input line 270.
(pdftex.def)             Requested size: 232.17242pt x 112.68457pt.
 [7 <./AdultIncomeDataset/grafici/distribuzione_target_adult.png> <./AdultIncomeDataset/grafici/mutual_information_adult.png>]
<AdultIncomeDataset/grafici/nn_peggiori.png, id=145, 704.6325pt x 395.3169pt>
File: AdultIncomeDataset/grafici/nn_peggiori.png Graphic file (type png)
<use AdultIncomeDataset/grafici/nn_peggiori.png>
Package pdftex.def Info: AdultIncomeDataset/grafici/nn_peggiori.png  used on input line 276.
(pdftex.def)             Requested size: 232.17242pt x 130.24988pt.
<AdultIncomeDataset/grafici/nn_migliori.png, id=146, 798.5835pt x 395.3169pt>
File: AdultIncomeDataset/grafici/nn_migliori.png Graphic file (type png)
<use AdultIncomeDataset/grafici/nn_migliori.png>
Package pdftex.def Info: AdultIncomeDataset/grafici/nn_migliori.png  used on input line 276.
(pdftex.def)             Requested size: 232.17242pt x 114.9285pt.
<AdultIncomeDataset/grafici/svm_peggiori.png, id=147, 713.3049pt x 395.3169pt>
File: AdultIncomeDataset/grafici/svm_peggiori.png Graphic file (type png)
<use AdultIncomeDataset/grafici/svm_peggiori.png>
Package pdftex.def Info: AdultIncomeDataset/grafici/svm_peggiori.png  used on input line 282.
(pdftex.def)             Requested size: 232.17242pt x 128.66948pt.
<AdultIncomeDataset/grafici/svm_migliori.png, id=148, 806.5332pt x 395.3169pt>
File: AdultIncomeDataset/grafici/svm_migliori.png Graphic file (type png)
<use AdultIncomeDataset/grafici/svm_migliori.png>
Package pdftex.def Info: AdultIncomeDataset/grafici/svm_migliori.png  used on input line 282.
(pdftex.def)             Requested size: 232.17242pt x 113.79446pt.
 [8 <./AdultIncomeDataset/grafici/decision_tree_peggiori.png> <./AdultIncomeDataset/grafici/decision_tree_migliori.png> <./AdultIncomeDataset/grafici/nn_peggiori.png> <./AdultIncomeDataset/grafici/nn_migliori.png> <./AdultIncomeDataset/grafici/svm_peggiori.png> <./AdultIncomeDataset/grafici/svm_migliori.png>] (./risultati_notebook.aux)
 ***********
LaTeX2e <2023-11-01> patch level 1
L3 programming layer <2024-01-22>
 ***********
Package rerunfilecheck Info: File `risultati_notebook.out' has not changed.
(rerunfilecheck)             Checksum: 2F986C86120E9DE1EDD2916C8E73751A;1001.
 ) 
Here is how much of TeX's memory you used:
 12166 strings out of 476171
 202698 string characters out of 5795120
 1938975 words of memory out of 5000000
 33996 multiletter control sequences out of 15000+600000
 569730 words of font info for 59 fonts, out of 8000000 for 9000
 14 hyphenation exceptions out of 8191
 75i,8n,79p,556b,544s stack positions out of 10000i,1000n,20000p,200000b,200000s
</usr/share/texmf/fonts/type1/public/cm-super/sfbx1095.pfb></usr/share/texmf/fonts/type1/public/cm-super/sfbx1200.pfb></usr/share/texmf/fonts/type1/public/cm-super/sfbx1440.pfb></usr/share/texmf/fonts/type1/public/cm-super/sfrm0800.pfb></usr/share/texmf/fonts/type1/public/cm-super/sfrm0900.pfb></usr/share/texmf/fonts/type1/public/cm-super/sfrm1000.pfb></usr/share/texmf/fonts/type1/public/cm-super/sfrm1095.pfb></usr/share/texmf/fonts/type1/public/cm-super/sfrm1728.pfb></usr/share/texmf/fonts/type1/public/cm-super/sftt1095.pfb>
Output written on risultati_notebook.pdf (8 pages, 1362450 bytes).
PDF statistics:
 215 PDF objects out of 1000 (max. 8388607)
 137 compressed objects within 2 object streams
 39 named destinations out of 1000 (max. 500000)
 193 words of extra memory for PDF output out of 10000 (max. 10000000)

