\BOOKMARK [1][-]{section.1}{\376\377\000I\000n\000t\000r\000o\000d\000u\000z\000i\000o\000n\000e}{}% 1
\BOOKMARK [2][-]{subsection.1.1}{\376\377\000D\000a\000t\000a\000s\000e\000t\000s}{section.1}% 2
\BOOKMARK [2][-]{subsection.1.2}{\376\377\000A\000g\000g\000i\000u\000n\000t\000a\000\040\000d\000e\000l\000\040\000r\000u\000m\000o\000r\000e}{section.1}% 3
\BOOKMARK [2][-]{subsection.1.3}{\376\377\000M\000e\000t\000r\000i\000c\000h\000e}{section.1}% 4
\BOOKMARK [2][-]{subsection.1.4}{\376\377\000M\000o\000d\000e\000l\000l\000i\000\040\000M\000L}{section.1}% 5
\BOOKMARK [3][-]{subsubsection.1.4.1}{\376\377\000D\000e\000c\000i\000s\000i\000o\000n\000\040\000T\000r\000e\000e}{subsection.1.4}% 6
\BOOKMARK [3][-]{subsubsection.1.4.2}{\376\377\000N\000e\000u\000r\000a\000l\000\040\000N\000e\000t\000w\000o\000r\000k}{subsection.1.4}% 7
\BOOKMARK [3][-]{subsubsection.1.4.3}{\376\377\000S\000V\000M}{subsection.1.4}% 8
\BOOKMARK [1][-]{section.2}{\376\377\000L\000i\000v\000e\000r\000\040\000P\000a\000t\000i\000e\000n\000t\000\040\000D\000a\000t\000a\000s\000e\000t}{}% 9
\BOOKMARK [2][-]{subsection.2.1}{\376\377\000D\000e\000s\000c\000r\000i\000z\000i\000o\000n\000e\000\040\000d\000a\000t\000a\000s\000e\000t}{section.2}% 10
\BOOKMARK [2][-]{subsection.2.2}{\376\377\000R\000i\000s\000u\000l\000t\000a\000t\000i}{section.2}% 11
\BOOKMARK [3][-]{subsubsection.2.2.1}{\376\377\000D\000e\000c\000i\000s\000i\000o\000n\000\040\000T\000r\000e\000e}{subsection.2.2}% 12
\BOOKMARK [3][-]{subsubsection.2.2.2}{\376\377\000N\000e\000u\000r\000a\000l\000\040\000N\000e\000t\000w\000o\000r\000k}{subsection.2.2}% 13
\BOOKMARK [3][-]{subsubsection.2.2.3}{\376\377\000S\000V\000M}{subsection.2.2}% 14
\BOOKMARK [1][-]{section.3}{\376\377\000T\000e\000e\000n\000\040\000M\000e\000n\000t\000a\000l\000\040\000H\000e\000a\000l\000t\000h\000\040\000D\000a\000t\000a\000s\000e\000t}{}% 15
\BOOKMARK [2][-]{subsection.3.1}{\376\377\000D\000e\000s\000c\000r\000i\000z\000i\000o\000n\000e\000\040\000d\000a\000t\000a\000s\000e\000t}{section.3}% 16
\BOOKMARK [2][-]{subsection.3.2}{\376\377\000R\000i\000s\000u\000l\000t\000a\000t\000i}{section.3}% 17
\BOOKMARK [3][-]{subsubsection.3.2.1}{\376\377\000D\000e\000c\000i\000s\000i\000o\000n\000\040\000T\000r\000e\000e}{subsection.3.2}% 18
\BOOKMARK [3][-]{subsubsection.3.2.2}{\376\377\000N\000e\000u\000r\000a\000l\000\040\000N\000e\000t\000w\000o\000r\000k}{subsection.3.2}% 19
\BOOKMARK [3][-]{subsubsection.3.2.3}{\376\377\000S\000V\000M}{subsection.3.2}% 20
\BOOKMARK [1][-]{section.4}{\376\377\000A\000d\000u\000l\000t\000\040\000I\000n\000c\000o\000m\000e\000\040\000D\000a\000t\000a\000s\000e\000t}{}% 21
\BOOKMARK [2][-]{subsection.4.1}{\376\377\000D\000e\000s\000c\000r\000i\000z\000i\000o\000n\000e\000\040\000d\000a\000t\000a\000s\000e\000t}{section.4}% 22
\BOOKMARK [2][-]{subsection.4.2}{\376\377\000R\000i\000s\000u\000l\000t\000a\000t\000i}{section.4}% 23
\BOOKMARK [3][-]{subsubsection.4.2.1}{\376\377\000D\000e\000c\000i\000s\000i\000o\000n\000\040\000T\000r\000e\000e}{subsection.4.2}% 24
\BOOKMARK [3][-]{subsubsection.4.2.2}{\376\377\000N\000e\000u\000r\000a\000l\000\040\000N\000e\000t\000w\000o\000r\000k}{subsection.4.2}% 25
\BOOKMARK [3][-]{subsubsection.4.2.3}{\376\377\000S\000V\000M}{subsection.4.2}% 26
\BOOKMARK [1][-]{section.5}{\376\377\000A\000n\000a\000l\000i\000s\000i\000\040\000d\000e\000i\000\040\000R\000i\000s\000u\000l\000t\000a\000t\000i}{}% 27
\BOOKMARK [1][-]{section.6}{\376\377\000C\000o\000n\000c\000l\000u\000s\000i\000o\000n\000i}{}% 28
