This is pdfTeX, Version 3.141592653-2.6-1.40.25 (TeX Live 2023/Debian) (preloaded format=pdflatex 2026.1.7)  1 JUL 2026 12:56
entering extended mode
 restricted \write18 enabled.
 %&-line parsing enabled.
**Relazione.tex
(./Relazione.tex
LaTeX2e <2023-11-01> patch level 1
L3 programming layer <2024-01-22>
(/usr/share/texlive/texmf-dist/tex/latex/base/article.cls
Document Class: article 2023/05/17 v1.4n Standard LaTeX document class
(/usr/share/texlive/texmf-dist/tex/latex/base/size10.clo
File: size10.clo 2023/05/17 v1.4n Standard LaTeX file (size option)
)
\c@part=\count187
\c@section=\count188
\c@subsection=\count189
\c@subsubsection=\count190
\c@paragraph=\count191
\c@subparagraph=\count192
\c@figure=\count193
\c@table=\count194
\abovecaptionskip=\skip48
\belowcaptionskip=\skip49
\bibindent=\dimen140
)
(/usr/share/texlive/texmf-dist/tex/latex/graphics/graphicx.sty
Package: graphicx 2021/09/16 v1.2d Enhanced LaTeX Graphics (DPC,SPQR)

(/usr/share/texlive/texmf-dist/tex/latex/graphics/keyval.sty
Package: keyval 2022/05/29 v1.15 key=value parser (DPC)
\KV@toks@=\toks17
)
(/usr/share/texlive/texmf-dist/tex/latex/graphics/graphics.sty
Package: graphics 2022/03/10 v1.4e Standard LaTeX Graphics (DPC,SPQR)

(/usr/share/texlive/texmf-dist/tex/latex/graphics/trig.sty
Package: trig 2021/08/11 v1.11 sin cos tan (DPC)
)
(/usr/share/texlive/texmf-dist/tex/latex/graphics-cfg/graphics.cfg
File: graphics.cfg 2016/06/04 v1.11 sample graphics configuration
)
Package graphics Info: Driver file: pdftex.def on input line 107.

(/usr/share/texlive/texmf-dist/tex/latex/graphics-def/pdftex.def
File: pdftex.def 2022/09/22 v1.2b Graphics/color driver for pdftex
))
\Gin@req@height=\dimen141
\Gin@req@width=\dimen142
)
(/usr/share/texlive/texmf-dist/tex/latex/hyperref/hyperref.sty
Package: hyperref 2024-01-20 v7.01h Hypertext links for LaTeX

(/usr/share/texlive/texmf-dist/tex/generic/iftex/iftex.sty
Package: iftex 2022/02/03 v1.0f TeX engine tests
)
(/usr/share/texlive/texmf-dist/tex/latex/kvsetkeys/kvsetkeys.sty
Package: kvsetkeys 2022-10-05 v1.19 Key value parser (HO)
)
(/usr/share/texlive/texmf-dist/tex/generic/kvdefinekeys/kvdefinekeys.sty
Package: kvdefinekeys 2019-12-19 v1.6 Define keys (HO)
)
(/usr/share/texlive/texmf-dist/tex/generic/pdfescape/pdfescape.sty
Package: pdfescape 2019/12/09 v1.15 Implements pdfTeX's escape features (HO)

(/usr/share/texlive/texmf-dist/tex/generic/ltxcmds/ltxcmds.sty
Package: ltxcmds 2023-12-04 v1.26 LaTeX kernel commands for general use (HO)
)
(/usr/share/texlive/texmf-dist/tex/generic/pdftexcmds/pdftexcmds.sty
Package: pdftexcmds 2020-06-27 v0.33 Utility functions of pdfTeX for LuaTeX (HO
)

(/usr/share/texlive/texmf-dist/tex/generic/infwarerr/infwarerr.sty
Package: infwarerr 2019/12/03 v1.5 Providing info/warning/error messages (HO)
)
Package pdftexcmds Info: \pdf@primitive is available.
Package pdftexcmds Info: \pdf@ifprimitive is available.
Package pdftexcmds Info: \pdfdraftmode found.
))
(/usr/share/texlive/texmf-dist/tex/latex/hycolor/hycolor.sty
Package: hycolor 2020-01-27 v1.10 Color options for hyperref/bookmark (HO)
)
(/usr/share/texlive/texmf-dist/tex/latex/auxhook/auxhook.sty
Package: auxhook 2019-12-17 v1.6 Hooks for auxiliary files (HO)
)
(/usr/share/texlive/texmf-dist/tex/latex/hyperref/nameref.sty
Package: nameref 2023-11-26 v2.56 Cross-referencing by name of section

(/usr/share/texlive/texmf-dist/tex/latex/refcount/refcount.sty
Package: refcount 2019/12/15 v3.6 Data extraction from label references (HO)
)
(/usr/share/texlive/texmf-dist/tex/generic/gettitlestring/gettitlestring.sty
Package: gettitlestring 2019/12/15 v1.6 Cleanup title references (HO)

(/usr/share/texlive/texmf-dist/tex/latex/kvoptions/kvoptions.sty
Package: kvoptions 2022-06-15 v3.15 Key value format for package options (HO)
))
\c@section@level=\count195
)
(/usr/share/texlive/texmf-dist/tex/latex/etoolbox/etoolbox.sty
Package: etoolbox 2020/10/05 v2.5k e-TeX tools for LaTeX (JAW)
\etb@tempcnta=\count196
)
\@linkdim=\dimen143
\Hy@linkcounter=\count197
\Hy@pagecounter=\count198

(/usr/share/texlive/texmf-dist/tex/latex/hyperref/pd1enc.def
File: pd1enc.def 2024-01-20 v7.01h Hyperref: PDFDocEncoding definition (HO)
Now handling font encoding PD1 ...
... no UTF-8 mapping file for font encoding PD1
)
(/usr/share/texlive/texmf-dist/tex/generic/intcalc/intcalc.sty
Package: intcalc 2019/12/15 v1.3 Expandable calculations with integers (HO)
)
\Hy@SavedSpaceFactor=\count199

(/usr/share/texlive/texmf-dist/tex/latex/hyperref/puenc.def
File: puenc.def 2024-01-20 v7.01h Hyperref: PDF Unicode definition (HO)
Now handling font encoding PU ...
... no UTF-8 mapping file for font encoding PU
)
Package hyperref Info: Hyper figures OFF on input line 4179.
Package hyperref Info: Link nesting OFF on input line 4184.
Package hyperref Info: Hyper index ON on input line 4187.
Package hyperref Info: Plain pages OFF on input line 4194.
Package hyperref Info: Backreferencing OFF on input line 4199.
Package hyperref Info: Implicit mode ON; LaTeX internals redefined.
Package hyperref Info: Bookmarks ON on input line 4446.
\c@Hy@tempcnt=\count266

(/usr/share/texlive/texmf-dist/tex/latex/url/url.sty
\Urlmuskip=\muskip16
Package: url 2013/09/16  ver 3.4  Verb mode for urls, etc.
)
LaTeX Info: Redefining \url on input line 4784.
\XeTeXLinkMargin=\dimen144

(/usr/share/texlive/texmf-dist/tex/generic/bitset/bitset.sty
Package: bitset 2019/12/09 v1.3 Handle bit-vector datatype (HO)

(/usr/share/texlive/texmf-dist/tex/generic/bigintcalc/bigintcalc.sty
Package: bigintcalc 2019/12/15 v1.5 Expandable calculations on big integers (HO
)
))
\Fld@menulength=\count267
\Field@Width=\dimen145
\Fld@charsize=\dimen146
Package hyperref Info: Hyper figures OFF on input line 6063.
Package hyperref Info: Link nesting OFF on input line 6068.
Package hyperref Info: Hyper index ON on input line 6071.
Package hyperref Info: backreferencing OFF on input line 6078.
Package hyperref Info: Link coloring OFF on input line 6083.
Package hyperref Info: Link coloring with OCG OFF on input line 6088.
Package hyperref Info: PDF/A mode OFF on input line 6093.

(/usr/share/texlive/texmf-dist/tex/latex/base/atbegshi-ltx.sty
Package: atbegshi-ltx 2021/01/10 v1.0c Emulation of the original atbegshi
package with kernel methods
)
\Hy@abspage=\count268
\c@Item=\count269
\c@Hfootnote=\count270
)
Package hyperref Info: Driver (autodetected): hpdftex.

(/usr/share/texlive/texmf-dist/tex/latex/hyperref/hpdftex.def
File: hpdftex.def 2024-01-20 v7.01h Hyperref driver for pdfTeX

(/usr/share/texlive/texmf-dist/tex/latex/base/atveryend-ltx.sty
Package: atveryend-ltx 2020/08/19 v1.0a Emulation of the original atveryend pac
kage
with kernel methods
)
\Fld@listcount=\count271
\c@bookmark@seq@number=\count272

(/usr/share/texlive/texmf-dist/tex/latex/rerunfilecheck/rerunfilecheck.sty
Package: rerunfilecheck 2022-07-10 v1.10 Rerun checks for auxiliary files (HO)

(/usr/share/texlive/texmf-dist/tex/generic/uniquecounter/uniquecounter.sty
Package: uniquecounter 2019/12/15 v1.4 Provide unlimited unique counter (HO)
)
Package uniquecounter Info: New unique counter `rerunfilecheck' on input line 2
85.
)
\Hy@SectionHShift=\skip50
)
(/usr/share/texlive/texmf-dist/tex/latex/float/float.sty
Package: float 2001/11/08 v1.3d Float enhancements (AL)
\c@float@type=\count273
\float@exts=\toks18
\float@box=\box51
\@float@everytoks=\toks19
\@floatcapt=\box52
)
(/usr/share/texlive/texmf-dist/tex/latex/amsmath/amsmath.sty
Package: amsmath 2023/05/13 v2.17o AMS math features
\@mathmargin=\skip51

For additional information on amsmath, use the `?' option.
(/usr/share/texlive/texmf-dist/tex/latex/amsmath/amstext.sty
Package: amstext 2021/08/26 v2.01 AMS text

(/usr/share/texlive/texmf-dist/tex/latex/amsmath/amsgen.sty
File: amsgen.sty 1999/11/30 v2.0 generic functions
\@emptytoks=\toks20
\ex@=\dimen147
))
(/usr/share/texlive/texmf-dist/tex/latex/amsmath/amsbsy.sty
Package: amsbsy 1999/11/29 v1.2d Bold Symbols
\pmbraise@=\dimen148
)
(/usr/share/texlive/texmf-dist/tex/latex/amsmath/amsopn.sty
Package: amsopn 2022/04/08 v2.04 operator names
)
\inf@bad=\count274
LaTeX Info: Redefining \frac on input line 234.
\uproot@=\count275
\leftroot@=\count276
LaTeX Info: Redefining \overline on input line 399.
LaTeX Info: Redefining \colon on input line 410.
\classnum@=\count277
\DOTSCASE@=\count278
LaTeX Info: Redefining \ldots on input line 496.
LaTeX Info: Redefining \dots on input line 499.
LaTeX Info: Redefining \cdots on input line 620.
\Mathstrutbox@=\box53
\strutbox@=\box54
LaTeX Info: Redefining \big on input line 722.
LaTeX Info: Redefining \Big on input line 723.
LaTeX Info: Redefining \bigg on input line 724.
LaTeX Info: Redefining \Bigg on input line 725.
\big@size=\dimen149
LaTeX Font Info:    Redeclaring font encoding OML on input line 743.
LaTeX Font Info:    Redeclaring font encoding OMS on input line 744.
\macc@depth=\count279
LaTeX Info: Redefining \bmod on input line 905.
LaTeX Info: Redefining \pmod on input line 910.
LaTeX Info: Redefining \smash on input line 940.
LaTeX Info: Redefining \relbar on input line 970.
LaTeX Info: Redefining \Relbar on input line 971.
\c@MaxMatrixCols=\count280
\dotsspace@=\muskip17
\c@parentequation=\count281
\dspbrk@lvl=\count282
\tag@help=\toks21
\row@=\count283
\column@=\count284
\maxfields@=\count285
\andhelp@=\toks22
\eqnshift@=\dimen150
\alignsep@=\dimen151
\tagshift@=\dimen152
\tagwidth@=\dimen153
\totwidth@=\dimen154
\lineht@=\dimen155
\@envbody=\toks23
\multlinegap=\skip52
\multlinetaggap=\skip53
\mathdisplay@stack=\toks24
LaTeX Info: Redefining \[ on input line 2953.
LaTeX Info: Redefining \] on input line 2954.
)
(/usr/share/texlive/texmf-dist/tex/generic/babel/babel.sty
Package: babel 2024/01/07 v24.1 The Babel package
\babel@savecnt=\count286
\U@D=\dimen156
\l@unhyphenated=\language6

(/usr/share/texlive/texmf-dist/tex/generic/babel/txtbabel.def)
\bbl@readstream=\read2
\bbl@dirlevel=\count287

(/usr/share/texlive/texmf-dist/tex/generic/babel-italian/italian.ldf
Language: italian 2024/01/03 v.1.5.00 Italian support for the babel system
\it@lettering=\count288
\it@doublequoteactive=\count289
\it@ISOcompliance=\count290
))
(/usr/share/texlive/texmf-dist/tex/generic/babel/locale/it/babel-italian.tex
Package babel Info: Importing font and identification data for italian
(babel)             from babel-it.ini. Reported on input line 11.
)
(/usr/share/texlive/texmf-dist/tex/latex/l3backend/l3backend-pdftex.def
File: l3backend-pdftex.def 2024-01-04 L3 backend support: PDF output (pdfTeX)
\l__color_backend_stack_int=\count291
\l__pdf_internal_box=\box55
)
(./Relazione.aux)
\openout1 = `Relazione.aux'.

LaTeX Font Info:    Checking defaults for OML/cmm/m/it on input line 27.
LaTeX Font Info:    ... okay on input line 27.
LaTeX Font Info:    Checking defaults for OMS/cmsy/m/n on input line 27.
LaTeX Font Info:    ... okay on input line 27.
LaTeX Font Info:    Checking defaults for OT1/cmr/m/n on input line 27.
LaTeX Font Info:    ... okay on input line 27.
LaTeX Font Info:    Checking defaults for T1/cmr/m/n on input line 27.
LaTeX Font Info:    ... okay on input line 27.
LaTeX Font Info:    Checking defaults for TS1/cmr/m/n on input line 27.
LaTeX Font Info:    ... okay on input line 27.
LaTeX Font Info:    Checking defaults for OMX/cmex/m/n on input line 27.
LaTeX Font Info:    ... okay on input line 27.
LaTeX Font Info:    Checking defaults for U/cmr/m/n on input line 27.
LaTeX Font Info:    ... okay on input line 27.
LaTeX Font Info:    Checking defaults for PD1/pdf/m/n on input line 27.
LaTeX Font Info:    ... okay on input line 27.
LaTeX Font Info:    Checking defaults for PU/pdf/m/n on input line 27.
LaTeX Font Info:    ... okay on input line 27.

(/usr/share/texlive/texmf-dist/tex/context/base/mkii/supp-pdf.mkii
[Loading MPS to PDF converter (version 2006.09.02).]
\scratchcounter=\count292
\scratchdimen=\dimen157
\scratchbox=\box56
\nofMPsegments=\count293
\nofMParguments=\count294
\everyMPshowfont=\toks25
\MPscratchCnt=\count295
\MPscratchDim=\dimen158
\MPnumerator=\count296
\makeMPintoPDFobject=\count297
\everyMPtoPDFconversion=\toks26
) (/usr/share/texlive/texmf-dist/tex/latex/epstopdf-pkg/epstopdf-base.sty
Package: epstopdf-base 2020-01-24 v2.11 Base part for package epstopdf

(/usr/share/texlive/texmf-dist/tex/latex/grfext/grfext.sty
Package: grfext 2019/12/03 v1.3 Manage graphics extensions (HO)
)
Package epstopdf-base Info: Redefining graphics rule for `.eps' on input line 4
85.
Package grfext Info: Graphics extension search list:
(grfext)             [.pdf,.png,.jpg,.mps,.jpeg,.jbig2,.jb2,.PDF,.PNG,.JPG,.JPE
G,.JBIG2,.JB2,.eps]
(grfext)             \AppendGraphicsExtensions on input line 504.

(/usr/share/texlive/texmf-dist/tex/latex/latexconfig/epstopdf-sys.cfg
File: epstopdf-sys.cfg 2010/07/13 v1.3 Configuration of (r)epstopdf for TeX Liv
e
))
Package hyperref Info: Link coloring OFF on input line 27.

(./Relazione.out) (./Relazione.out)
\@outlinefile=\write3
\openout3 = `Relazione.out'.

LaTeX Info: Redefining \it@ocap on input line 27.
LaTeX Info: Redefining \it@ccap on input line 27.


File italian.ldf warning: 
italian.ldf    With OT1 encoding guillemets are poorly faked
italian.ldf    Use T1 encoding
italian.ldf    or specify a font with command \CaporaliFrom
italian.ldf    See the documentation concerning the babel-italian typesetting
italian.ldf    on input line 27.

<Immagini/Logo bicocca.jpg, id=112, 250.9375pt x 245.91875pt>
File: Immagini/Logo bicocca.jpg Graphic file (type jpg)
<use Immagini/Logo bicocca.jpg>
Package pdftex.def Info: Immagini/Logo bicocca.jpg  used on input line 30.
(pdftex.def)             Requested size: 170.71652pt x 167.30882pt.
[1

{/var/lib/texmf/fonts/map/pdftex/updmap/pdftex.map} <./Immagini/Logo bicocca.jp
g>] (./Relazione.toc)
\tf@toc=\write4
\openout4 = `Relazione.toc'.

 [2] [3] [4{/usr/share/texmf/fonts/enc/dvips/cm-super/cm-super-ts1.enc}] [5]
Underfull \hbox (badness 10000) in paragraph at lines 123--125

 []

[6]
<Immagini/Liver/distribuzioneTargetLiver.png, id=188, 413.3844pt x 328.1058pt>
File: Immagini/Liver/distribuzioneTargetLiver.png Graphic file (type png)
<use Immagini/Liver/distribuzioneTargetLiver.png>
Package pdftex.def Info: Immagini/Liver/distribuzioneTargetLiver.png  used on i
nput line 164.
(pdftex.def)             Requested size: 276.00105pt x 219.06375pt.
 [7 <./Immagini/Liver/distribuzioneTargetLiver.png>]
<Immagini/Liver/MILiver.png, id=196, 530.4618pt x 364.9635pt>
File: Immagini/Liver/MILiver.png Graphic file (type png)
<use Immagini/Liver/MILiver.png>
Package pdftex.def Info: Immagini/Liver/MILiver.png  used on input line 172.
(pdftex.def)             Requested size: 345.0pt x 237.37381pt.
 [8
pdfTeX warning (ext4): destination with the same identifier (name{table.1}) has
 been already used, duplicate ignored
<argument> ...shipout:D \box_use:N \l_shipout_box 
                                                  \__shipout_drop_firstpage_...
l.216 
       <./Immagini/Liver/MILiver.png>]
<Immagini/Liver/RobustezzaEnsemble.png, id=204, 611.4042pt x 395.3169pt>
File: Immagini/Liver/RobustezzaEnsemble.png Graphic file (type png)
<use Immagini/Liver/RobustezzaEnsemble.png>
Package pdftex.def Info: Immagini/Liver/RobustezzaEnsemble.png  used on input l
ine 219.
(pdftex.def)             Requested size: 345.0pt x 223.07698pt.
<Immagini/Liver/RobustezzaEnsembleMigliori.png, id=206, 611.4042pt x 395.3169pt
>
File: Immagini/Liver/RobustezzaEnsembleMigliori.png Graphic file (type png)
<use Immagini/Liver/RobustezzaEnsembleMigliori.png>
Package pdftex.def Info: Immagini/Liver/RobustezzaEnsembleMigliori.png  used on
 input line 235.
(pdftex.def)             Requested size: 345.0pt x 223.07698pt.
 [9
pdfTeX warning (ext4): destination with the same identifier (name{figure.1}) ha
s been already used, duplicate ignored
<argument> ...shipout:D \box_use:N \l_shipout_box 
                                                  \__shipout_drop_firstpage_...
l.241 
       <./Immagini/Liver/RobustezzaEnsemble.png>] [10
pdfTeX warning (ext4): destination with the same identifier (name{figure.2}) ha
s been already used, duplicate ignored
<argument> ...shipout:D \box_use:N \l_shipout_box 
                                                  \__shipout_drop_firstpage_...
l.296 \end{table}
                  <./Immagini/Liver/RobustezzaEnsembleMigliori.png>]
<Immagini/Liver/RobustezzaNNEnsemble.png, id=221, 611.4042pt x 395.3169pt>
File: Immagini/Liver/RobustezzaNNEnsemble.png Graphic file (type png)
<use Immagini/Liver/RobustezzaNNEnsemble.png>
Package pdftex.def Info: Immagini/Liver/RobustezzaNNEnsemble.png  used on input
 line 300.
(pdftex.def)             Requested size: 345.0pt x 223.07698pt.
 [11
pdfTeX warning (ext4): destination with the same identifier (name{table.2}) has
 been already used, duplicate ignored
<argument> ...shipout:D \box_use:N \l_shipout_box 
                                                  \__shipout_drop_firstpage_...
l.314 
      
pdfTeX warning (ext4): destination with the same identifier (name{figure.3}) ha
s been already used, duplicate ignored
<argument> ...shipout:D \box_use:N \l_shipout_box 
                                                  \__shipout_drop_firstpage_...
l.314 
       <./Immagini/Liver/RobustezzaNNEnsemble.png>]
<Immagini/Liver/RobustezzaNNEnsembleMigliori.png, id=231, 611.4042pt x 395.3169
pt>
File: Immagini/Liver/RobustezzaNNEnsembleMigliori.png Graphic file (type png)
<use Immagini/Liver/RobustezzaNNEnsembleMigliori.png>
Package pdftex.def Info: Immagini/Liver/RobustezzaNNEnsembleMigliori.png  used 
on input line 357.
(pdftex.def)             Requested size: 345.0pt x 223.07698pt.
 [12
pdfTeX warning (ext4): destination with the same identifier (name{table.3}) has
 been already used, duplicate ignored
<argument> ...shipout:D \box_use:N \l_shipout_box 
                                                  \__shipout_drop_firstpage_...
l.363 
      ] [13
pdfTeX warning (ext4): destination with the same identifier (name{figure.4}) ha
s been already used, duplicate ignored
<argument> ...shipout:D \box_use:N \l_shipout_box 
                                                  \__shipout_drop_firstpage_...
l.397 
       <./Immagini/Liver/RobustezzaNNEnsembleMigliori.png>]
<Immagini/Liver/RobustezzaSVMEnsemble.png, id=246, 611.4042pt x 395.3169pt>
File: Immagini/Liver/RobustezzaSVMEnsemble.png Graphic file (type png)
<use Immagini/Liver/RobustezzaSVMEnsemble.png>
Package pdftex.def Info: Immagini/Liver/RobustezzaSVMEnsemble.png  used on inpu
t line 428.
(pdftex.def)             Requested size: 345.0pt x 223.07698pt.
 [14
pdfTeX warning (ext4): destination with the same identifier (name{table.4}) has
 been already used, duplicate ignored
<argument> ...shipout:D \box_use:N \l_shipout_box 
                                                  \__shipout_drop_firstpage_...
l.441 
      
pdfTeX warning (ext4): destination with the same identifier (name{figure.5}) ha
s been already used, duplicate ignored
<argument> ...shipout:D \box_use:N \l_shipout_box 
                                                  \__shipout_drop_firstpage_...
l.441 
       <./Immagini/Liver/RobustezzaSVMEnsemble.png>]
<Immagini/Liver/RobustezzaSVMEnsembleMigliori.png, id=256, 611.4042pt x 395.316
9pt>
File: Immagini/Liver/RobustezzaSVMEnsembleMigliori.png Graphic file (type png)
<use Immagini/Liver/RobustezzaSVMEnsembleMigliori.png>
Package pdftex.def Info: Immagini/Liver/RobustezzaSVMEnsembleMigliori.png  used
 on input line 481.
(pdftex.def)             Requested size: 345.0pt x 223.07698pt.
 [15
pdfTeX warning (ext4): destination with the same identifier (name{table.5}) has
 been already used, duplicate ignored
<argument> ...shipout:D \box_use:N \l_shipout_box 
                                                  \__shipout_drop_firstpage_...
l.487 
      ] [16
pdfTeX warning (ext4): destination with the same identifier (name{figure.6}) ha
s been already used, duplicate ignored
<argument> ...shipout:D \box_use:N \l_shipout_box 
                                                  \__shipout_drop_firstpage_...
l.517 \newpage
               <./Immagini/Liver/RobustezzaSVMEnsembleMigliori.png>]
Overfull \hbox (21.88408pt too wide) in paragraph at lines 532--550
 [][] 
 []

<Immagini/Teen/DistribuzioneTargetTeen.png, id=269, 419.166pt x 328.8285pt>
File: Immagini/Teen/DistribuzioneTargetTeen.png Graphic file (type png)
<use Immagini/Teen/DistribuzioneTargetTeen.png>
Package pdftex.def Info: Immagini/Teen/DistribuzioneTargetTeen.png  used on inp
ut line 556.
(pdftex.def)             Requested size: 241.49895pt x 189.45123pt.
[17 <./Immagini/Teen/DistribuzioneTargetTeen.png>]
<Immagini/Teen/MITeen.png, id=275, 614.295pt x 364.9635pt>
File: Immagini/Teen/MITeen.png Graphic file (type png)
<use Immagini/Teen/MITeen.png>
Package pdftex.def Info: Immagini/Teen/MITeen.png  used on input line 566.
(pdftex.def)             Requested size: 276.00105pt x 163.97588pt.

Overfull \hbox (25.77126pt too wide) in paragraph at lines 577--578
[]\OT1/cmr/bx/n/10 Peggiori\OT1/cmr/m/n/10 : aca-de-mic[]performance, age,platf
orm[]usage, screen[]time[]before[]sleep,
 []


Overfull \hbox (2.39204pt too wide) in paragraph at lines 578--579
[]\OT1/cmr/bx/n/10 Migliori\OT1/cmr/m/n/10 : an-xie-ty[]level, stress[]level, d
ai-ly[]social[]media[]hours, sleep[]hours,
 []

<Immagini/Teen/RobustezzaEnsemble1teen.png, id=276, 944.5689pt x 395.3169pt>
File: Immagini/Teen/RobustezzaEnsemble1teen.png Graphic file (type png)
<use Immagini/Teen/RobustezzaEnsemble1teen.png>
Package pdftex.def Info: Immagini/Teen/RobustezzaEnsemble1teen.png  used on inp
ut line 589.
(pdftex.def)             Requested size: 517.5pt x 216.58047pt.
[18 <./Immagini/Teen/MITeen.png>]
Overfull \hbox (4.20854pt too wide) in paragraph at lines 598--615
 [][] 
 []

<Immagini/Teen/RobustezzaEnsemble2teen.png, id=282, 799.3062pt x 395.3169pt>
File: Immagini/Teen/RobustezzaEnsemble2teen.png Graphic file (type png)
<use Immagini/Teen/RobustezzaEnsemble2teen.png>
Package pdftex.def Info: Immagini/Teen/RobustezzaEnsemble2teen.png  used on inp
ut line 622.
(pdftex.def)             Requested size: 448.50105pt x 221.82231pt.
[19
pdfTeX warning (ext4): destination with the same identifier (name{table.6}) has
 been already used, duplicate ignored
<argument> ...shipout:D \box_use:N \l_shipout_box 
                                                  \__shipout_drop_firstpage_...
l.625 
       <./Immagini/Teen/RobustezzaEnsemble1teen.png>]
Overfull \hbox (4.20854pt too wide) in paragraph at lines 631--648
 [][] 
 []

<Immagini/Teen/RobustezzaNNEnsembleTeen.png, id=290, 928.6695pt x 395.3169pt>
File: Immagini/Teen/RobustezzaNNEnsembleTeen.png Graphic file (type png)
<use Immagini/Teen/RobustezzaNNEnsembleTeen.png>
Package pdftex.def Info: Immagini/Teen/RobustezzaNNEnsembleTeen.png  used on in
put line 658.
(pdftex.def)             Requested size: 517.5pt x 220.2962pt.
[20
pdfTeX warning (ext4): destination with the same identifier (name{table.7}) has
 been already used, duplicate ignored
<argument> ...shipout:D \box_use:N \l_shipout_box 
                                                  \__shipout_drop_firstpage_...
l.661 
       <./Immagini/Teen/RobustezzaEnsemble2teen.png>]
<Immagini/Teen/RobustezzaNN2EnsembleTeen.png, id=297, 783.4068pt x 395.3169pt>
File: Immagini/Teen/RobustezzaNN2EnsembleTeen.png Graphic file (type png)
<use Immagini/Teen/RobustezzaNN2EnsembleTeen.png>
Package pdftex.def Info: Immagini/Teen/RobustezzaNN2EnsembleTeen.png  used on i
nput line 689.
(pdftex.def)             Requested size: 448.50105pt x 226.32222pt.
 [21
pdfTeX warning (ext4): destination with the same identifier (name{table.8}) has
 been already used, duplicate ignored
<argument> ...shipout:D \box_use:N \l_shipout_box 
                                                  \__shipout_drop_firstpage_...
l.692 
       <./Immagini/Teen/RobustezzaNNEnsembleTeen.png>]
Overfull \hbox (4.20854pt too wide) in paragraph at lines 696--713
 [][] 
 []

<Immagini/Teen/RobustezzaSVMEnsemble1.png, id=304, 936.6192pt x 395.3169pt>
File: Immagini/Teen/RobustezzaSVMEnsemble1.png Graphic file (type png)
<use Immagini/Teen/RobustezzaSVMEnsemble1.png>
Package pdftex.def Info: Immagini/Teen/RobustezzaSVMEnsemble1.png  used on inpu
t line 724.
(pdftex.def)             Requested size: 569.2479pt x 240.27432pt.
[22
pdfTeX warning (ext4): destination with the same identifier (name{table.9}) has
 been already used, duplicate ignored
<argument> ...shipout:D \box_use:N \l_shipout_box 
                                                  \__shipout_drop_firstpage_...
l.727 
       <./Immagini/Teen/RobustezzaNN2EnsembleTeen.png>]
Overfull \hbox (4.20854pt too wide) in paragraph at lines 731--748
 [][] 
 []

<Immagini/Teen/RobustezzaSVMEnsemble2.png, id=312, 791.3565pt x 395.3169pt>
File: Immagini/Teen/RobustezzaSVMEnsemble2.png Graphic file (type png)
<use Immagini/Teen/RobustezzaSVMEnsemble2.png>
Package pdftex.def Info: Immagini/Teen/RobustezzaSVMEnsemble2.png  used on inpu
t line 756.
(pdftex.def)             Requested size: 482.9979pt x 241.28168pt.
[23
pdfTeX warning (ext4): destination with the same identifier (name{table.10}) ha
s been already used, duplicate ignored
<argument> ...shipout:D \box_use:N \l_shipout_box 
                                                  \__shipout_drop_firstpage_...
l.759 
       <./Immagini/Teen/RobustezzaSVMEnsemble1.png>]
Overfull \hbox (4.20854pt too wide) in paragraph at lines 763--780
 [][] 
 []

[24
pdfTeX warning (ext4): destination with the same identifier (name{table.11}) ha
s been already used, duplicate ignored
<argument> ...shipout:D \box_use:N \l_shipout_box 
                                                  \__shipout_drop_firstpage_...
l.784 \newpage
               <./Immagini/Teen/RobustezzaSVMEnsemble2.png>]
<Immagini/Adult/DistribuzioneTargetAdult.png, id=325, 425.6703pt x 328.8285pt>
File: Immagini/Adult/DistribuzioneTargetAdult.png Graphic file (type png)
<use Immagini/Adult/DistribuzioneTargetAdult.png>
Package pdftex.def Info: Immagini/Adult/DistribuzioneTargetAdult.png  used on i
nput line 822.
(pdftex.def)             Requested size: 258.75pt x 199.88765pt.
 [25 <./Immagini/Adult/DistribuzioneTargetAdult.png>]
<Immagini/Adult/MIAdult.png, id=332, 568.0422pt x 364.9635pt>
File: Immagini/Adult/MIAdult.png Graphic file (type png)
<use Immagini/Adult/MIAdult.png>
Package pdftex.def Info: Immagini/Adult/MIAdult.png  used on input line 832.
(pdftex.def)             Requested size: 345.0pt x 221.66399pt.
 [26
pdfTeX warning (ext4): destination with the same identifier (name{table.12}) ha
s been already used, duplicate ignored
<argument> ...shipout:D \box_use:N \l_shipout_box 
                                                  \__shipout_drop_firstpage_...
l.873 
       <./Immagini/Adult/MIAdult.png>]
<Immagini/Adult/RobustezzaEnsemblePeggiori.png, id=341, 720.5319pt x 395.3169pt
>
File: Immagini/Adult/RobustezzaEnsemblePeggiori.png Graphic file (type png)
<use Immagini/Adult/RobustezzaEnsemblePeggiori.png>
Package pdftex.def Info: Immagini/Adult/RobustezzaEnsemblePeggiori.png  used on
 input line 913.
(pdftex.def)             Requested size: 345.0pt x 189.28548pt.
 [27
pdfTeX warning (ext4): destination with the same identifier (name{table.13}) ha
s been already used, duplicate ignored
<argument> ...shipout:D \box_use:N \l_shipout_box 
                                                  \__shipout_drop_firstpage_...
l.926 
      
pdfTeX warning (ext4): destination with the same identifier (name{figure.7}) ha
s been already used, duplicate ignored
<argument> ...shipout:D \box_use:N \l_shipout_box 
                                                  \__shipout_drop_firstpage_...
l.926 
       <./Immagini/Adult/RobustezzaEnsemblePeggiori.png>]
Overfull \hbox (31.8611pt too wide) in paragraph at lines 927--936
[]\OT1/cmr/m/n/10 Il se-con-do espe-ri-men-to ap-pli-ca il ru-mo-re al-le fea-t
u-re pi^^Ru in-for-ma-ti-ve: \OT1/cmtt/m/n/10 relationship\OT1/cmr/m/n/10 ,
 []


Overfull \hbox (44.55246pt too wide) in paragraph at lines 927--936
\OT1/cmtt/m/n/10 marital-status\OT1/cmr/m/n/10 , \OT1/cmtt/m/n/10 capital-gain\
OT1/cmr/m/n/10 , \OT1/cmtt/m/n/10 educational-num\OT1/cmr/m/n/10 , \OT1/cmtt/m/
n/10 age\OT1/cmr/m/n/10 , \OT1/cmtt/m/n/10 occupation \OT1/cmr/m/n/10 e \OT1/cm
tt/m/n/10 hours-per-week\OT1/cmr/m/n/10 .
 []

<Immagini/Adult/RobustezzaEnsembleMigliori.png, id=351, 814.4829pt x 395.3169pt
>
File: Immagini/Adult/RobustezzaEnsembleMigliori.png Graphic file (type png)
<use Immagini/Adult/RobustezzaEnsembleMigliori.png>
Package pdftex.def Info: Immagini/Adult/RobustezzaEnsembleMigliori.png  used on
 input line 939.
(pdftex.def)             Requested size: 345.0pt x 167.44948pt.
[28
pdfTeX warning (ext4): destination with the same identifier (name{figure.8}) ha
s been already used, duplicate ignored
<argument> ...shipout:D \box_use:N \l_shipout_box 
                                                  \__shipout_drop_firstpage_...
l.972 \end{center}
                   <./Immagini/Adult/RobustezzaEnsembleMigliori.png>]
<Immagini/Adult/RobustezzaNNPeggiori.png, id=359, 704.6325pt x 395.3169pt>
File: Immagini/Adult/RobustezzaNNPeggiori.png Graphic file (type png)
<use Immagini/Adult/RobustezzaNNPeggiori.png>
Package pdftex.def Info: Immagini/Adult/RobustezzaNNPeggiori.png  used on input
 line 1011.
(pdftex.def)             Requested size: 345.0pt x 193.55013pt.
 [29
pdfTeX warning (ext4): destination with the same identifier (name{table.14}) ha
s been already used, duplicate ignored
<argument> ...shipout:D \box_use:N \l_shipout_box 
                                                  \__shipout_drop_firstpage_...
l.1016 
       ]
Overfull \hbox (31.8611pt too wide) in paragraph at lines 1032--1037
[]\OT1/cmr/m/n/10 Il se-con-do espe-ri-men-to ap-pli-ca il ru-mo-re al-le fea-t
u-re pi^^Ru in-for-ma-ti-ve: \OT1/cmtt/m/n/10 relationship\OT1/cmr/m/n/10 ,
 []


Overfull \hbox (44.55246pt too wide) in paragraph at lines 1032--1037
\OT1/cmtt/m/n/10 marital-status\OT1/cmr/m/n/10 , \OT1/cmtt/m/n/10 capital-gain\
OT1/cmr/m/n/10 , \OT1/cmtt/m/n/10 educational-num\OT1/cmr/m/n/10 , \OT1/cmtt/m/
n/10 age\OT1/cmr/m/n/10 , \OT1/cmtt/m/n/10 occupation \OT1/cmr/m/n/10 e \OT1/cm
tt/m/n/10 hours-per-week\OT1/cmr/m/n/10 .
 []

[30
pdfTeX warning (ext4): destination with the same identifier (name{figure.9}) ha
s been already used, duplicate ignored
<argument> ...shipout:D \box_use:N \l_shipout_box 
                                                  \__shipout_drop_firstpage_...
l.1064 
        <./Immagini/Adult/RobustezzaNNPeggiori.png>]
<Immagini/Adult/RobustezzaNNMigliori.png, id=374, 798.5835pt x 395.3169pt>
File: Immagini/Adult/RobustezzaNNMigliori.png Graphic file (type png)
<use Immagini/Adult/RobustezzaNNMigliori.png>
Package pdftex.def Info: Immagini/Adult/RobustezzaNNMigliori.png  used on input
 line 1067.
(pdftex.def)             Requested size: 345.0pt x 170.7852pt.
 [31
pdfTeX warning (ext4): destination with the same identifier (name{table.15}) ha
s been already used, duplicate ignored
<argument> ...shipout:D \box_use:N \l_shipout_box 
                                                  \__shipout_drop_firstpage_...
l.1086 \begin{center}
                     
pdfTeX warning (ext4): destination with the same identifier (name{figure.10}) h
as been already used, duplicate ignored
<argument> ...shipout:D \box_use:N \l_shipout_box 
                                                  \__shipout_drop_firstpage_...
l.1086 \begin{center}
                      <./Immagini/Adult/RobustezzaNNMigliori.png>]
Overfull \hbox (1.35835pt too wide) in paragraph at lines 1106--1112
\OT1/cmtt/m/n/10 hours-per-week\OT1/cmr/m/n/10 , \OT1/cmtt/m/n/10 fnlwgt\OT1/cm
r/m/n/10 , \OT1/cmtt/m/n/10 capital-loss\OT1/cmr/m/n/10 , \OT1/cmtt/m/n/10 gend
er\OT1/cmr/m/n/10 , \OT1/cmtt/m/n/10 workclass\OT1/cmr/m/n/10 , \OT1/cmtt/m/n/1
0 native-country
 []

<Immagini/Adult/RobustezzaSVMPeggiori.png, id=383, 713.3049pt x 395.3169pt>
File: Immagini/Adult/RobustezzaSVMPeggiori.png Graphic file (type png)
<use Immagini/Adult/RobustezzaSVMPeggiori.png>
Package pdftex.def Info: Immagini/Adult/RobustezzaSVMPeggiori.png  used on inpu
t line 1142.
(pdftex.def)             Requested size: 345.0pt x 191.20366pt.
[32
pdfTeX warning (ext4): destination with the same identifier (name{table.16}) ha
s been already used, duplicate ignored
<argument> ...shipout:D \box_use:N \l_shipout_box 
                                                  \__shipout_drop_firstpage_...
l.1147 
       ]
Overfull \hbox (31.8611pt too wide) in paragraph at lines 1160--1165
[]\OT1/cmr/m/n/10 Il se-con-do espe-ri-men-to ap-pli-ca il ru-mo-re al-le fea-t
u-re pi^^Ru in-for-ma-ti-ve: \OT1/cmtt/m/n/10 relationship\OT1/cmr/m/n/10 ,
 []


Overfull \hbox (44.55246pt too wide) in paragraph at lines 1160--1165
\OT1/cmtt/m/n/10 marital-status\OT1/cmr/m/n/10 , \OT1/cmtt/m/n/10 capital-gain\
OT1/cmr/m/n/10 , \OT1/cmtt/m/n/10 educational-num\OT1/cmr/m/n/10 , \OT1/cmtt/m/
n/10 age\OT1/cmr/m/n/10 , \OT1/cmtt/m/n/10 occupation \OT1/cmr/m/n/10 e \OT1/cm
tt/m/n/10 hours-per-week\OT1/cmr/m/n/10 .
 []

[33
pdfTeX warning (ext4): destination with the same identifier (name{figure.11}) h
as been already used, duplicate ignored
<argument> ...shipout:D \box_use:N \l_shipout_box 
                                                  \__shipout_drop_firstpage_...
l.1192 
        <./Immagini/Adult/RobustezzaSVMPeggiori.png>]
<Immagini/Adult/RobustezzaSVMMigliori.png, id=398, 806.5332pt x 395.3169pt>
File: Immagini/Adult/RobustezzaSVMMigliori.png Graphic file (type png)
<use Immagini/Adult/RobustezzaSVMMigliori.png>
Package pdftex.def Info: Immagini/Adult/RobustezzaSVMMigliori.png  used on inpu
t line 1195.
(pdftex.def)             Requested size: 345.0pt x 169.10226pt.
 [34
pdfTeX warning (ext4): destination with the same identifier (name{table.17}) ha
s been already used, duplicate ignored
<argument> ...shipout:D \box_use:N \l_shipout_box 
                                                  \__shipout_drop_firstpage_...
l.1229 \end{center}
                   
pdfTeX warning (ext4): destination with the same identifier (name{figure.12}) h
as been already used, duplicate ignored
<argument> ...shipout:D \box_use:N \l_shipout_box 
                                                  \__shipout_drop_firstpage_...
l.1229 \end{center}
                    <./Immagini/Adult/RobustezzaSVMMigliori.png>] [35] [36]
(./Relazione.aux)
 ***********
LaTeX2e <2023-11-01> patch level 1
L3 programming layer <2024-01-22>
 ***********
Package rerunfilecheck Info: File `Relazione.out' has not changed.
(rerunfilecheck)             Checksum: 426875EC87AD3467755465A27E38D03D;3361.
 ) 
Here is how much of TeX's memory you used:
 10603 strings out of 476171
 171520 string characters out of 5795120
 1935975 words of memory out of 5000000
 32391 multiletter control sequences out of 15000+600000
 565775 words of font info for 64 fonts, out of 8000000 for 9000
 14 hyphenation exceptions out of 8191
 75i,10n,79p,612b,520s stack positions out of 10000i,1000n,20000p,200000b,200000s

pdfTeX warning (dest): name{https://www.kaggle.com/} has been referenced but do
es not exist, replaced by a fixed one


pdfTeX warning (dest): name{https://www.researchgate.net/profile/Arun-Saseendra
n-2/publication/331024938_Impact_of_Noise_in_Dataset_on_Machine_Learning_Algori
thms/links/5c61eff8a6fdccb608bba512/Impact-of-Noise-in-Dataset-on-Machine-Learn
ing-Algorithms.pdf} has been referenced but does not exist, replaced by a fixed
 one

</usr/share/texlive/texmf-dist/fonts/type1/public/amsfonts/cm/cmbx10.pfb></usr/
share/texlive/texmf-dist/fonts/type1/public/amsfonts/cm/cmbx12.pfb></usr/share/
texlive/texmf-dist/fonts/type1/public/amsfonts/cm/cmmi10.pfb></usr/share/texliv
e/texmf-dist/fonts/type1/public/amsfonts/cm/cmmi7.pfb></usr/share/texlive/texmf
-dist/fonts/type1/public/amsfonts/cm/cmr10.pfb></usr/share/texlive/texmf-dist/f
onts/type1/public/amsfonts/cm/cmr12.pfb></usr/share/texlive/texmf-dist/fonts/ty
pe1/public/amsfonts/cm/cmr17.pfb></usr/share/texlive/texmf-dist/fonts/type1/pub
lic/amsfonts/cm/cmr7.pfb></usr/share/texlive/texmf-dist/fonts/type1/public/amsf
onts/cm/cmsy10.pfb></usr/share/texlive/texmf-dist/fonts/type1/public/amsfonts/c
m/cmsy7.pfb></usr/share/texlive/texmf-dist/fonts/type1/public/amsfonts/cm/cmti1
0.pfb></usr/share/texlive/texmf-dist/fonts/type1/public/amsfonts/cm/cmtt10.pfb>
</usr/share/texmf/fonts/type1/public/cm-super/sfrm1000.pfb>
Output written on Relazione.pdf (36 pages, 1408510 bytes).
PDF statistics:
 494 PDF objects out of 1000 (max. 8388607)
 377 compressed objects within 4 object streams
 100 named destinations out of 1000 (max. 500000)
 342 words of extra memory for PDF output out of 10000 (max. 10000000)

