\BOOKMARK [1][-]{section.1}{\376\377\000O\000b\000i\000e\000t\000t\000i\000v\000o\000\040\000d\000e\000l\000\040\000p\000r\000o\000g\000e\000t\000t\000o}{}% 1
\BOOKMARK [1][-]{section.2}{\376\377\000C\000o\000r\000r\000e\000z\000i\000o\000n\000i\000\040\000m\000e\000t\000o\000d\000o\000l\000o\000g\000i\000c\000h\000e\000\040\000c\000o\000m\000u\000n\000i}{}% 2
\BOOKMARK [2][-]{subsection.2.1}{\376\377\000S\000e\000p\000a\000r\000a\000z\000i\000o\000n\000e\000\040\000t\000r\000a\000\040\000t\000r\000a\000i\000n\000i\000n\000g\000,\000\040\000v\000a\000l\000i\000d\000a\000t\000i\000o\000n\000\040\000e\000\040\000t\000e\000s\000t}{section.2}% 3
\BOOKMARK [2][-]{subsection.2.2}{\376\377\000M\000e\000t\000r\000i\000c\000h\000e}{section.2}% 4
\BOOKMARK [2][-]{subsection.2.3}{\376\377\000E\000n\000s\000e\000m\000b\000l\000e\000\040\000d\000i\000\040\000D\000e\000c\000i\000s\000i\000o\000n\000\040\000T\000r\000e\000e}{section.2}% 5
\BOOKMARK [2][-]{subsection.2.4}{\376\377\000R\000e\000t\000e\000\040\000n\000e\000u\000r\000a\000l\000e}{section.2}% 6
\BOOKMARK [2][-]{subsection.2.5}{\376\377\000S\000u\000p\000p\000o\000r\000t\000\040\000V\000e\000c\000t\000o\000r\000\040\000M\000a\000c\000h\000i\000n\000e}{section.2}% 7
\BOOKMARK [1][-]{section.3}{\376\377\000G\000e\000n\000e\000r\000a\000z\000i\000o\000n\000e\000\040\000e\000\040\000c\000o\000n\000t\000r\000o\000l\000l\000o\000\040\000d\000e\000l\000\040\000r\000u\000m\000o\000r\000e}{}% 8
\BOOKMARK [2][-]{subsection.3.1}{\376\377\000F\000e\000a\000t\000u\000r\000e\000\040\000c\000a\000t\000e\000g\000o\000r\000i\000c\000h\000e\000\040\000o\000n\000e\000-\000h\000o\000t}{section.3}% 9
\BOOKMARK [2][-]{subsection.3.2}{\376\377\000F\000e\000a\000t\000u\000r\000e\000\040\000c\000o\000n\000t\000i\000n\000u\000e}{section.3}% 10
\BOOKMARK [2][-]{subsection.3.3}{\376\377\000F\000e\000a\000t\000u\000r\000e\000\040\000i\000n\000t\000e\000r\000e\000\040\000e\000\040\000o\000r\000d\000i\000n\000a\000l\000i}{section.3}% 11
\BOOKMARK [2][-]{subsection.3.4}{\376\377\000S\000e\000l\000e\000z\000i\000o\000n\000e\000\040\000d\000e\000l\000l\000e\000\040\000f\000e\000a\000t\000u\000r\000e\000\040\000d\000a\000\040\000c\000o\000r\000r\000o\000m\000p\000e\000r\000e}{section.3}% 12
\BOOKMARK [1][-]{section.4}{\376\377\000T\000e\000e\000n\000\040\000M\000e\000n\000t\000a\000l\000\040\000H\000e\000a\000l\000t\000h\000\040\000D\000a\000t\000a\000s\000e\000t}{}% 13
\BOOKMARK [2][-]{subsection.4.1}{\376\377\000D\000a\000t\000i\000\040\000e\000\040\000t\000a\000r\000g\000e\000t}{section.4}% 14
\BOOKMARK [2][-]{subsection.4.2}{\376\377\000P\000r\000e\000p\000r\000o\000c\000e\000s\000s\000i\000n\000g}{section.4}% 15
\BOOKMARK [2][-]{subsection.4.3}{\376\377\000F\000l\000u\000s\000s\000o\000\040\000s\000p\000e\000r\000i\000m\000e\000n\000t\000a\000l\000e}{section.4}% 16
\BOOKMARK [2][-]{subsection.4.4}{\376\377\000C\000o\000r\000r\000e\000z\000i\000o\000n\000i\000\040\000s\000p\000e\000c\000i\000f\000i\000c\000h\000e}{section.4}% 17
\BOOKMARK [1][-]{section.5}{\376\377\000A\000d\000u\000l\000t\000\040\000I\000n\000c\000o\000m\000e\000\040\000D\000a\000t\000a\000s\000e\000t}{}% 18
\BOOKMARK [2][-]{subsection.5.1}{\376\377\000D\000a\000t\000i\000\040\000e\000\040\000t\000a\000r\000g\000e\000t}{section.5}% 19
\BOOKMARK [2][-]{subsection.5.2}{\376\377\000P\000r\000e\000p\000r\000o\000c\000e\000s\000s\000i\000n\000g}{section.5}% 20
\BOOKMARK [2][-]{subsection.5.3}{\376\377\000F\000l\000u\000s\000s\000o\000\040\000s\000p\000e\000r\000i\000m\000e\000n\000t\000a\000l\000e\000\040\000e\000\040\000c\000o\000r\000r\000e\000z\000i\000o\000n\000i}{section.5}% 21
\BOOKMARK [1][-]{section.6}{\376\377\000L\000i\000v\000e\000r\000\040\000P\000a\000t\000i\000e\000n\000t\000\040\000D\000a\000t\000a\000s\000e\000t}{}% 22
\BOOKMARK [2][-]{subsection.6.1}{\376\377\000D\000a\000t\000i\000\040\000e\000\040\000t\000a\000r\000g\000e\000t}{section.6}% 23
\BOOKMARK [2][-]{subsection.6.2}{\376\377\000P\000r\000e\000p\000r\000o\000c\000e\000s\000s\000i\000n\000g\000\040\000e\000\040\000r\000u\000m\000o\000r\000e}{section.6}% 24
\BOOKMARK [2][-]{subsection.6.3}{\376\377\000C\000o\000e\000r\000e\000n\000z\000a\000\040\000d\000e\000l\000\040\000t\000a\000r\000g\000e\000t\000\040\000e\000\040\000v\000a\000l\000i\000d\000a\000z\000i\000o\000n\000e}{section.6}% 25
\BOOKMARK [1][-]{section.7}{\376\377\000R\000i\000p\000r\000o\000d\000u\000c\000i\000b\000i\000l\000i\000t\000\340\000\040\000e\000\040\000i\000n\000t\000e\000r\000p\000r\000e\000t\000a\000z\000i\000o\000n\000e\000\040\000d\000e\000i\000\040\000r\000i\000s\000u\000l\000t\000a\000t\000i}{}% 26
\BOOKMARK [1][-]{section.8}{\376\377\000C\000o\000n\000c\000l\000u\000s\000i\000o\000n\000i}{}% 27
